{
    "download_dir": "downloads",
    "http_bind_address": "::1",
    "http_enabled": true,
    "http_host_whitelist": [
        "localhost"
    ],
    "http_ip_whitelist": [
        "127.0.0.0/8"
    ],
    "http_port": 8823,
    "libtorrent_settings": {},
    "libtorrent_settings_base": "default_settings",
    "sftp_bind_address": "::1",
    "sftp_enabled": true,
    "sftp_ip_whitelist": [
        "127.0.0.0/8",
        "::1/128"
    ],
    "sftp_port": 7387
}