[
    {
        "atime": 12345700,
        "generation": null,
        "infohash": "da39a3ee5e6b4b0d3255bfef95601890afd80709",
        "num_bytes": 8,
        "origin": null,
        "tracker": null
    }
]