{
    "all_time_download": 0,
    "all_time_upload": 0,
    "announcing_to_dht": false,
    "announcing_to_lsd": false,
    "announcing_to_trackers": false,
    "block_size": 16384,
    "collections": [],
    "comment": "",
    "completed_time": 0,
    "connect_candidates": 0,
    "connections_limit": -1,
    "creation_date": 0,
    "creator": "",
    "current_tracker": "",
    "distributed_copies": 0.0,
    "distributed_fraction": 0,
    "distributed_full_copies": 0,
    "download_limit": -1,
    "download_payload_rate": 0,
    "download_rate": 0,
    "errc": {
        "category": "system",
        "message": "No error information",
        "value": 0
    },
    "error_file": -1,
    "file_priorities": [
        4
    ],
    "file_progress": [
        0
    ],
    "files": [
        {
            "attr": "",
            "index": 0,
            "offset": 0,
            "path": "test.txt",
            "size": 148456
        }
    ],
    "flag_apply_ip_filter": true,
    "flag_auto_managed": true,
    "flag_disable_dht": false,
    "flag_disable_lsd": false,
    "flag_disable_pex": false,
    "flag_duplicate_is_error": false,
    "flag_override_trackers": false,
    "flag_override_web_seeds": false,
    "flag_paused": true,
    "flag_seed_mode": false,
    "flag_sequential_download": false,
    "flag_share_mode": false,
    "flag_stop_when_ready": false,
    "flag_super_seeding": false,
    "flag_update_subscribe": false,
    "flag_upload_mode": false,
    "flags": 56,
    "has_incoming": false,
    "has_metadata": true,
    "http_seeds": [],
    "is_i2p": false,
    "last_seen_complete": 0,
    "list_peers": 0,
    "list_seeds": 0,
    "max_connections": 16777215,
    "max_uploads": 16777215,
    "merkle_tree": [],
    "moving_storage": false,
    "name": "test.txt",
    "need_save_resume": true,
    "need_save_resume_data": true,
    "num_complete": -1,
    "num_connections": 0,
    "num_incomplete": -1,
    "num_peers": 0,
    "num_pieces": 10,
    "num_seeds": 0,
    "num_uploads": 0,
    "orig_files": [
        {
            "attr": "",
            "index": 0,
            "offset": 0,
            "path": "test.txt",
            "size": 148456
        }
    ],
    "piece_availability": [
        0,
        0,
        0,
        0,
        0,
        0,
        0,
        0,
        0,
        0
    ],
    "piece_length": 16384,
    "piece_priorities": [
        4,
        4,
        4,
        4,
        4,
        4,
        4,
        4,
        4,
        4
    ],
    "pieces": "AAA=",
    "priv": false,
    "progress": 0.0,
    "progress_ppm": 0,
    "queue_position": 0,
    "seed_rank": 0,
    "similar_torrents": [],
    "storage_mode": "storage_mode_sparse",
    "total_done": 0,
    "total_download": 0,
    "total_failed_bytes": 0,
    "total_payload_download": 0,
    "total_payload_upload": 0,
    "total_redundant_bytes": 0,
    "total_size": 148456,
    "total_upload": 0,
    "total_wanted": 148456,
    "total_wanted_done": 0,
    "trackers": [],
    "up_bandwidth_queue": 0,
    "upload_limit": -1,
    "upload_payload_rate": 0,
    "upload_rate": 0,
    "uploads_limit": -1,
    "url_seeds": [],
    "verified_pieces": ""
}