{
    "detail": "Unknown torrent: 1114aaaaaaaaaaaaaaaaaaaaaaaaaaaaaaaaaaaaaaaa"
}