{
    "collections": [],
    "comment": "",
    "creation_date": 0,
    "creator": "",
    "files": [
        {
            "attr": "",
            "index": 0,
            "offset": 0,
            "path": "test.txt",
            "size": 148456
        }
    ],
    "is_i2p": false,
    "name": "test.txt",
    "num_pieces": 10,
    "orig_files": [
        {
            "attr": "",
            "index": 0,
            "offset": 0,
            "path": "test.txt",
            "size": 148456
        }
    ],
    "piece_length": 16384,
    "priv": false,
    "similar_torrents": [],
    "total_size": 148456
}