[
    {
        "atime": 10000,
        "generation": 10,
        "infohash": "da39a3ee5e6b4b0d3255bfef95601890afd80709",
        "managed": true
    }
]