[
    {
        "atime": 12345701,
        "generation": null,
        "infohash": null,
        "num_bytes": 8,
        "origin": null,
        "tracker": "cool"
    },
    {
        "atime": 12345699,
        "generation": null,
        "infohash": null,
        "num_bytes": 8,
        "origin": null,
        "tracker": "foo"
    }
]