[
    {
        "atime": 12345701,
        "generation": null,
        "infohash": "8d532e88704b4f747b3e1083c2e6fd7dc53fdacf",
        "num_bytes": 8,
        "origin": null,
        "tracker": null
    },
    {
        "atime": 12345700,
        "generation": null,
        "infohash": "da39a3ee5e6b4b0d3255bfef95601890afd80709",
        "num_bytes": 8,
        "origin": null,
        "tracker": null
    }
]