[
    {
        "atime": 12345678,
        "generation": null,
        "infohash": "da39a3ee5e6b4b0d3255bfef95601890afd80709",
        "num_bytes": 1048576,
        "origin": "normal",
        "tracker": "foo"
    }
]