[
    {
        "files": [],
        "progress": 0,
        "progress_percent": 0
    }
]