[
    {
        "announce_message": "ok",
        "files": [
            {
                "file_index": 0,
                "path": "/downloads/movie/movie.en.srt",
                "start": 0,
                "stop": 10000
            },
            {
                "file_index": 1,
                "path": "/downloads/movie/movie.mkv",
                "start": 0,
                "stop": 1038576
            }
        ],
        "infohash": "da39a3ee5e6b4b0d3255bfef95601890afd80709",
        "leechers": 0,
        "length": 1048576,
        "piece_bitmap": "//8=",
        "piece_length": 65536,
        "seeders": 0,
        "tracker": "foo"
    }
]