[
    {
        "atime": 12345693,
        "generation": 1,
        "infohash": null,
        "num_bytes": 8,
        "origin": null,
        "tracker": null
    },
    {
        "atime": 12345701,
        "generation": 2,
        "infohash": null,
        "num_bytes": 8,
        "origin": null,
        "tracker": null
    }
]