[
    {
        "deactivated_at": null,
        "infohash": "da39a3ee5e6b4b0d3255bfef95601890afd80709",
        "origin": "some_user",
        "priority": 1000,
        "random": false,
        "readahead": false,
        "request_id": 1,
        "start": 0,
        "stop": 1048576,
        "time": 1234567,
        "torrent_id": "123",
        "tracker": "foo"
    },
    {
        "deactivated_at": 1234568,
        "infohash": "da39a3ee5e6b4b0d3255bfef95601890afd80709",
        "origin": "some_other_user",
        "priority": 100,
        "random": false,
        "readahead": false,
        "request_id": 2,
        "start": 10000,
        "stop": 1048576,
        "time": 1234567,
        "torrent_id": "123",
        "tracker": "foo"
    }
]