[
    {
        "atime": 12345697,
        "generation": null,
        "infohash": null,
        "num_bytes": 8,
        "origin": "user_a",
        "tracker": null
    },
    {
        "atime": 12345701,
        "generation": null,
        "infohash": null,
        "num_bytes": 8,
        "origin": "user_b",
        "tracker": null
    }
]