{
    "download_limit": -1,
    "file_priorities": [
        4
    ],
    "file_progress": [
        0
    ],
    "flag_apply_ip_filter": true,
    "flag_auto_managed": true,
    "flag_disable_dht": false,
    "flag_disable_lsd": false,
    "flag_disable_pex": false,
    "flag_duplicate_is_error": false,
    "flag_override_trackers": false,
    "flag_override_web_seeds": false,
    "flag_paused": true,
    "flag_seed_mode": false,
    "flag_sequential_download": false,
    "flag_share_mode": false,
    "flag_stop_when_ready": false,
    "flag_super_seeding": false,
    "flag_update_subscribe": false,
    "flag_upload_mode": false,
    "flags": 56,
    "http_seeds": [],
    "info_hash": {
        "v1": "c23420052b6ea2265d51587530e69425703c87b3"
    },
    "max_connections": 16777215,
    "max_uploads": 16777215,
    "need_save_resume_data": true,
    "piece_availability": [
        0,
        0,
        0,
        0,
        0,
        0,
        0,
        0,
        0,
        0
    ],
    "piece_priorities": [
        4,
        4,
        4,
        4,
        4,
        4,
        4,
        4,
        4,
        4
    ],
    "queue_position": 0,
    "trackers": [
        {
            "complete_sent": false,
            "endpoints": [],
            "fail_limit": 0,
            "fails": 0,
            "last_error": {
                "category": "",
                "value": 0
            },
            "message": "",
            "min_announce": null,
            "next_announce": null,
            "scrape_complete": 0,
            "scrape_downloaded": 0,
            "scrape_incomplete": 0,
            "send_stats": false,
            "source": 2,
            "start_sent": false,
            "tier": 0,
            "trackerid": "",
            "updating": false,
            "url": "http://does_not_exist/",
            "verified": false
        }
    ],
    "upload_limit": -1,
    "url_seeds": []
}