[
    {
        "files": [
            {
                "file_index": 0,
                "path": "/downloads/movie/movie.en.srt",
                "start": 0,
                "stop": 10000
            },
            {
                "file_index": 1,
                "path": "/downloads/movie/movie.mkv",
                "start": 0,
                "stop": 1028576
            },
            {
                "file_index": 2,
                "path": "/downloads/movie/movie.nfo",
                "start": 0,
                "stop": 10000
            }
        ],
        "progress": 1048576,
        "progress_percent": 1.0
    }
]