[
    {
        "atime": 12345689,
        "generation": 1,
        "infohash": "8d532e88704b4f747b3e1083c2e6fd7dc53fdacf",
        "num_bytes": 1,
        "origin": "user_a",
        "tracker": "cool"
    },
    {
        "atime": 12345697,
        "generation": 2,
        "infohash": "8d532e88704b4f747b3e1083c2e6fd7dc53fdacf",
        "num_bytes": 1,
        "origin": "user_a",
        "tracker": "cool"
    },
    {
        "atime": 12345693,
        "generation": 1,
        "infohash": "8d532e88704b4f747b3e1083c2e6fd7dc53fdacf",
        "num_bytes": 1,
        "origin": "user_b",
        "tracker": "cool"
    },
    {
        "atime": 12345701,
        "generation": 2,
        "infohash": "8d532e88704b4f747b3e1083c2e6fd7dc53fdacf",
        "num_bytes": 1,
        "origin": "user_b",
        "tracker": "cool"
    },
    {
        "atime": 12345688,
        "generation": 1,
        "infohash": "da39a3ee5e6b4b0d3255bfef95601890afd80709",
        "num_bytes": 1,
        "origin": "user_a",
        "tracker": "cool"
    },
    {
        "atime": 12345696,
        "generation": 2,
        "infohash": "da39a3ee5e6b4b0d3255bfef95601890afd80709",
        "num_bytes": 1,
        "origin": "user_a",
        "tracker": "cool"
    },
    {
        "atime": 12345692,
        "generation": 1,
        "infohash": "da39a3ee5e6b4b0d3255bfef95601890afd80709",
        "num_bytes": 1,
        "origin": "user_b",
        "tracker": "cool"
    },
    {
        "atime": 12345700,
        "generation": 2,
        "infohash": "da39a3ee5e6b4b0d3255bfef95601890afd80709",
        "num_bytes": 1,
        "origin": "user_b",
        "tracker": "cool"
    },
    {
        "atime": 12345687,
        "generation": 1,
        "infohash": "8d532e88704b4f747b3e1083c2e6fd7dc53fdacf",
        "num_bytes": 1,
        "origin": "user_a",
        "tracker": "foo"
    },
    {
        "atime": 12345695,
        "generation": 2,
        "infohash": "8d532e88704b4f747b3e1083c2e6fd7dc53fdacf",
        "num_bytes": 1,
        "origin": "user_a",
        "tracker": "foo"
    },
    {
        "atime": 12345691,
        "generation": 1,
        "infohash": "8d532e88704b4f747b3e1083c2e6fd7dc53fdacf",
        "num_bytes": 1,
        "origin": "user_b",
        "tracker": "foo"
    },
    {
        "atime": 12345699,
        "generation": 2,
        "infohash": "8d532e88704b4f747b3e1083c2e6fd7dc53fdacf",
        "num_bytes": 1,
        "origin": "user_b",
        "tracker": "foo"
    },
    {
        "atime": 12345686,
        "generation": 1,
        "infohash": "da39a3ee5e6b4b0d3255bfef95601890afd80709",
        "num_bytes": 1,
        "origin": "user_a",
        "tracker": "foo"
    },
    {
        "atime": 12345694,
        "generation": 2,
        "infohash": "da39a3ee5e6b4b0d3255bfef95601890afd80709",
        "num_bytes": 1,
        "origin": "user_a",
        "tracker": "foo"
    },
    {
        "atime": 12345690,
        "generation": 1,
        "infohash": "da39a3ee5e6b4b0d3255bfef95601890afd80709",
        "num_bytes": 1,
        "origin": "user_b",
        "tracker": "foo"
    },
    {
        "atime": 12345698,
        "generation": 2,
        "infohash": "da39a3ee5e6b4b0d3255bfef95601890afd80709",
        "num_bytes": 1,
        "origin": "user_b",
        "tracker": "foo"
    }
]