[
    {
        "files": [
            {
                "file_index": 0,
                "path": "/downloads/movie/movie.en.srt",
                "start": 0,
                "stop": 10000
            },
            {
                "file_index": 1,
                "path": "/downloads/movie/movie.mkv",
                "start": 0,
                "stop": 655360
            }
        ],
        "progress": 655360,
        "progress_percent": 0.625
    }
]