{
    "collections": [],
    "comment": "",
    "creation_date": 0,
    "creator": "",
    "files": [
        {
            "attr": "",
            "index": 0,
            "offset": 0,
            "path": "test.txt",
            "size": 148456
        }
    ],
    "hash_for_piece": [
        "897256b6709e1a4da9daba92b6bde39ccfccd8c1",
        "897256b6709e1a4da9daba92b6bde39ccfccd8c1",
        "897256b6709e1a4da9daba92b6bde39ccfccd8c1",
        "897256b6709e1a4da9daba92b6bde39ccfccd8c1",
        "897256b6709e1a4da9daba92b6bde39ccfccd8c1",
        "897256b6709e1a4da9daba92b6bde39ccfccd8c1",
        "897256b6709e1a4da9daba92b6bde39ccfccd8c1",
        "897256b6709e1a4da9daba92b6bde39ccfccd8c1",
        "897256b6709e1a4da9daba92b6bde39ccfccd8c1",
        "c577f7a37657053275f3e3ecc06ec22e6b909366"
    ],
    "info_hash": {
        "v1": "c23420052b6ea2265d51587530e69425703c87b3"
    },
    "is_i2p": false,
    "merkle_tree": [],
    "metadata": "ZDY6bGVuZ3RoaTE0ODQ1NmU0Om5hbWU4OnRlc3QudHh0MTI6cGllY2UgbGVuZ3RoaTE2Mzg0ZTY6cGllY2VzMjAwOolyVrZwnhpNqdq6kra945zPzNjBiXJWtnCeGk2p2rqStr3jnM/M2MGJcla2cJ4aTanaupK2veOcz8zYwYlyVrZwnhpNqdq6kra945zPzNjBiXJWtnCeGk2p2rqStr3jnM/M2MGJcla2cJ4aTanaupK2veOcz8zYwYlyVrZwnhpNqdq6kra945zPzNjBiXJWtnCeGk2p2rqStr3jnM/M2MGJcla2cJ4aTanaupK2veOcz8zYwcV396N2VwUydfPj7MBuwi5rkJNmZQ==",
    "name": "test.txt",
    "num_pieces": 10,
    "orig_files": [
        {
            "attr": "",
            "index": 0,
            "offset": 0,
            "path": "test.txt",
            "size": 148456
        }
    ],
    "piece_length": 16384,
    "priv": false,
    "similar_torrents": [],
    "total_size": 148456
}