[
    {
        "atime": 1234567,
        "generation": 1,
        "infohash": "da39a3ee5e6b4b0d3255bfef95601890afd80709",
        "num_bytes": 1048576,
        "origin": "*UNKNOWN*",
        "tracker": "foo"
    }
]