[
    {
        "atime": 12345701,
        "generation": null,
        "infohash": null,
        "num_bytes": 16,
        "origin": null,
        "tracker": null
    }
]